// 同步 ID: 276013f8 @ Sat Jul 18 16:59:29 UTC 2026
// 同步 ID: 3f2633fa @ Sun Jul 19 12:10:26 UTC 2026
// 重构日志: 61728c5d
// 重构日志: 72f49c1b
// 重构日志: 97363ba1
// 重构日志: 2d364d16
// 重构日志: fad20fde
// 重构日志: a748aa91
// 同步 ID: 9d6348f6 @ Fri Jul 24 10:46:55 UTC 2026
// 同步 ID: 388b5dce @ Fri Jul 24 15:52:21 UTC 2026
// 重构日志: 217f26b4
// 同步 ID: 294cff9e @ Sat Jul 25 13:31:58 UTC 2026
// 同步 ID: dc539bf5 @ Sun Jul 26 01:43:28 UTC 2026
// 同步 ID: 492bdd83 @ Sun Jul 26 11:57:40 UTC 2026
// 同步 ID: 01fa3224 @ Sun Jul 26 14:30:49 UTC 2026
// 同步 ID: 98401846 @ Mon Jul 27 09:38:47 UTC 2026
// 重构日志: 459a583f
// 重构日志: 660f015b
// 重构日志: 9cebba51
// 同步 ID: 02f07910 @ Tue Jul 28 13:24:09 UTC 2026
// 重构日志: c1e74042
// 同步 ID: 6e2ee47c @ Wed Jul 29 17:29:11 UTC 2026
// 重构日志: 315fbb9a
// 同步 ID: 622a4820 @ Fri Jul 31 08:44:43 UTC 2026
// 同步 ID: a48cda4c @ Fri Jul 31 14:17:03 UTC 2026
// 同步 ID: cc25470f @ Sat Aug  1 05:44:17 UTC 2026
// 同步 ID: 39c856b9 @ Sun Aug  2 05:47:54 UTC 2026
// 重构日志: 55fa64ba
// 重构日志: c1e0d7b9
// 同步 ID: 4a6a1db9 @ Sun Aug  2 18:30:51 UTC 2026
// 重构日志: e1956da9
// 重构日志: d606cf3e
// 重构日志: 1a0258f6
